browserType.launch: Target page, context or browser has been closed
Browser logs:

<launching> /Users/zslepova/Library/Caches/ms-playwright/chromium-1228/chrome-mac-arm64/Google Chrome for Testing.app/Contents/MacOS/Google Chrome for Testing --disable-field-trial-config --disable-background-networking --disable-background-timer-throttling --disable-backgrounding-occluded-windows --disable-back-forward-cache --disable-breakpad --disable-client-side-phishing-detection --disable-component-extensions-with-background-pages --disable-component-update --no-default-browser-check --disable-default-apps --disable-dev-shm-usage --disable-edgeupdater --disable-extensions --disable-features=AvoidUnnecessaryBeforeUnloadCheckSync,DestroyProfileOnBrowserClose,DialMediaRouteProvider,GlobalMediaControls,HttpsUpgrades,LensOverlay,MediaRouter,PaintHolding,ThirdPartyStoragePartitioning,BlockOriginHeaderModificationOnRedirect,Translate,AutoDeElevate,OptimizationHints,NetworkTimeServiceQuerying,AimEnabled,msForceBrowserSignIn,msEdgeUpdateLaunchServicesPreferredVersion --enable-features=CDPScreenshotNewSurface --allow-pre-commit-input --disable-hang-monitor --disable-ipc-flooding-protection --disable-popup-blocking --disable-prompt-on-repost --disable-renderer-backgrounding --disable-updater-scheduler --force-color-profile=srgb --metrics-recording-only --no-first-run --password-store=basic --use-mock-keychain --no-service-autorun --export-tagged-pdf --disable-search-engine-choice-screen --unsafely-disable-devtools-self-xss-warnings --edge-skip-compat-layer-relaunch --disable-infobars --disable-search-engine-choice-screen --disable-sync --enable-unsafe-swiftshader --headless --hide-scrollbars --mute-audio --blink-settings=primaryHoverType=2,availableHoverTypes=2,primaryPointerType=4,availablePointerTypes=4 --no-sandbox --user-data-dir=/var/folders/l6/c3y3n3316zg415ndrydnstrw0000gn/T/playwright_chromiumdev_profile-eRP4Cr --remote-debugging-pipe --no-startup-window
<launched> pid=37973
Call log:
[2m  - <launching> /Users/zslepova/Library/Caches/ms-playwright/chromium-1228/chrome-mac-arm64/Google Chrome for Testing.app/Contents/MacOS/Google Chrome for Testing --disable-field-trial-config --disable-background-networking --disable-background-timer-throttling --disable-backgrounding-occluded-windows --disable-back-forward-cache --disable-breakpad --disable-client-side-phishing-detection --disable-component-extensions-with-background-pages --disable-component-update --no-default-browser-check --disable-default-apps --disable-dev-shm-usage --disable-edgeupdater --disable-extensions --disable-features=AvoidUnnecessaryBeforeUnloadCheckSync,DestroyProfileOnBrowserClose,DialMediaRouteProvider,GlobalMediaControls,HttpsUpgrades,LensOverlay,MediaRouter,PaintHolding,ThirdPartyStoragePartitioning,BlockOriginHeaderModificationOnRedirect,Translate,AutoDeElevate,OptimizationHints,NetworkTimeServiceQuerying,AimEnabled,msForceBrowserSignIn,msEdgeUpdateLaunchServicesPreferredVersion --enable-features=CDPScreenshotNewSurface --allow-pre-commit-input --disable-hang-monitor --disable-ipc-flooding-protection --disable-popup-blocking --disable-prompt-on-repost --disable-renderer-backgrounding --disable-updater-scheduler --force-color-profile=srgb --metrics-recording-only --no-first-run --password-store=basic --use-mock-keychain --no-service-autorun --export-tagged-pdf --disable-search-engine-choice-screen --unsafely-disable-devtools-self-xss-warnings --edge-skip-compat-layer-relaunch --disable-infobars --disable-search-engine-choice-screen --disable-sync --enable-unsafe-swiftshader --headless --hide-scrollbars --mute-audio --blink-settings=primaryHoverType=2,availableHoverTypes=2,primaryPointerType=4,availablePointerTypes=4 --no-sandbox --user-data-dir=/var/folders/l6/c3y3n3316zg415ndrydnstrw0000gn/T/playwright_chromiumdev_profile-eRP4Cr --remote-debugging-pipe --no-startup-window[22m
[2m  - <launched> pid=37973[22m
[2m  - [pid=37973] <gracefully close start>[22m
[2m  - [pid=37973] <kill>[22m
[2m  - [pid=37973] <will force kill>[22m
[2m  - [pid=37973] exception while trying to kill process: Error: kill EPERM[22m
[2m  - [pid=37973] <process did exit: exitCode=null, signal=SIGABRT>[22m
[2m  - [pid=37973] starting temporary directories cleanup[22m
[2m  - [pid=37973] finished temporary directories cleanup[22m
[2m  - [pid=37973] <gracefully close end>[22m

    at /Users/zslepova/IvanOS/.worktrees/seo-audit/audits/seo-20261009/browser-check.cjs:9:31
    at Object.<anonymous> (/Users/zslepova/IvanOS/.worktrees/seo-audit/audits/seo-20261009/browser-check.cjs:32:3) {
  log: [
    '  - <launching> /Users/zslepova/Library/Caches/ms-playwright/chromium-1228/chrome-mac-arm64/Google Chrome for Testing.app/Contents/MacOS/Google Chrome for Testing --disable-field-trial-config --disable-background-networking --disable-background-timer-throttling --disable-backgrounding-occluded-windows --disable-back-forward-cache --disable-breakpad --disable-client-side-phishing-detection --disable-component-extensions-with-background-pages --disable-component-update --no-default-browser-check --disable-default-apps --disable-dev-shm-usage --disable-edgeupdater --disable-extensions --disable-features=AvoidUnnecessaryBeforeUnloadCheckSync,DestroyProfileOnBrowserClose,DialMediaRouteProvider,GlobalMediaControls,HttpsUpgrades,LensOverlay,MediaRouter,PaintHolding,ThirdPartyStoragePartitioning,BlockOriginHeaderModificationOnRedirect,Translate,AutoDeElevate,OptimizationHints,NetworkTimeServiceQuerying,AimEnabled,msForceBrowserSignIn,msEdgeUpdateLaunchServicesPreferredVersion --enable-features=CDPScreenshotNewSurface --allow-pre-commit-input --disable-hang-monitor --disable-ipc-flooding-protection --disable-popup-blocking --disable-prompt-on-repost --disable-renderer-backgrounding --disable-updater-scheduler --force-color-profile=srgb --metrics-recording-only --no-first-run --password-store=basic --use-mock-keychain --no-service-autorun --export-tagged-pdf --disable-search-engine-choice-screen --unsafely-disable-devtools-self-xss-warnings --edge-skip-compat-layer-relaunch --disable-infobars --disable-search-engine-choice-screen --disable-sync --enable-unsafe-swiftshader --headless --hide-scrollbars --mute-audio --blink-settings=primaryHoverType=2,availableHoverTypes=2,primaryPointerType=4,availablePointerTypes=4 --no-sandbox --user-data-dir=/var/folders/l6/c3y3n3316zg415ndrydnstrw0000gn/T/playwright_chromiumdev_profile-eRP4Cr --remote-debugging-pipe --no-startup-window',
    '  - <launched> pid=37973',
    '  - [pid=37973] <gracefully close start>',
    '  - [pid=37973] <kill>',
    '  - [pid=37973] <will force kill>',
    '  - [pid=37973] exception while trying to kill process: Error: kill EPERM',
    '  - [pid=37973] <process did exit: exitCode=null, signal=SIGABRT>',
    '  - [pid=37973] starting temporary directories cleanup',
    '  - [pid=37973] finished temporary directories cleanup',
    '  - [pid=37973] <gracefully close end>'
  ]
}
